// Jest Snapshot v1, https://goo.gl/fbAQLP

exports[`Pruebas en <FirstApp /> Debe de hacer match con el snapshot 1`] = `
<div>
  <h1
    data-testid="test-title"
  >
    Bryan Hernandez
  </h1>
  <h2>
    Tengo 
    22
     a√±os
  </h2>
</div>
`;
